File Copy Test :
Original Directory :
   file_ja
      かな仮名カナ
         ([{かな-ｶﾅ-カナ}])
         KanaｶﾅＫａｎａカナ
         仮名かなｶﾅカナ
      外字
         ⅢⅣⅤⅩ
         ①②㍉㌔
         ㈱№℡
Copied Directory :
   file_ja
      かな仮名カナ
         ([{かな-ｶﾅ-カナ}])
         KanaｶﾅＫａｎａカナ
         仮名かなｶﾅカナ
      外字
         ⅢⅣⅤⅩ
         ①②㍉㌔
         ㈱№℡
Compare : Passed
File Rename Test :
Original Directory :
   file_ja
      かな仮名カナ
         ([{かな-ｶﾅ-カナ}])
         KanaｶﾅＫａｎａカナ
         仮名かなｶﾅカナ
      外字
         ⅢⅣⅤⅩ
         ①②㍉㌔
         ㈱№℡
Renamed Directory :
   aj_elif
      ナカ名仮なか
         )]}ナカ-ﾅｶ-なか{[(
         ナカａｎａＫﾅｶanaK
         ナカﾅｶなか名仮
      字外
         ℡№㈱
         ⅩⅤⅣⅢ
         ㌔㍉②①
Rename-back : 
Renamed Directory :
   file_ja
      かな仮名カナ
         ([{かな-ｶﾅ-カナ}])
         KanaｶﾅＫａｎａカナ
         仮名かなｶﾅカナ
      外字
         ⅢⅣⅤⅩ
         ①②㍉㌔
         ㈱№℡
Compare : Passed
File Delete Test :
Original Directory :
   file_ja
      かな仮名カナ
         ([{かな-ｶﾅ-カナ}])
         KanaｶﾅＫａｎａカナ
         仮名かなｶﾅカナ
      外字
         ⅢⅣⅤⅩ
         ①②㍉㌔
         ㈱№℡
Deleted Directory :
